{
  "version": "1.5.0",
  "plugins_used": [
    {
      "name": "ArtifactoryDetector"
    },
    {
      "name": "AWSKeyDetector"
    },
    {
      "name": "AzureStorageKeyDetector"
    },
    {
      "name": "Base64HighEntropyString",
      "limit": 4.5
    },
    {
      "name": "BasicAuthDetector"
    },
    {
      "name": "CloudantDetector"
    },
    {
      "name": "DiscordBotTokenDetector"
    },
    {
      "name": "GitHubTokenDetector"
    },
    {
      "name": "GitLabTokenDetector"
    },
    {
      "name": "HexHighEntropyString",
      "limit": 3.0
    },
    {
      "name": "IbmCloudIamDetector"
    },
    {
      "name": "IbmCosHmacDetector"
    },
    {
      "name": "IPPublicDetector"
    },
    {
      "name": "JwtTokenDetector"
    },
    {
      "name": "KeywordDetector",
      "keyword_exclude": ""
    },
    {
      "name": "MailchimpDetector"
    },
    {
      "name": "NpmDetector"
    },
    {
      "name": "OpenAIDetector"
    },
    {
      "name": "PrivateKeyDetector"
    },
    {
      "name": "PypiTokenDetector"
    },
    {
      "name": "SendGridDetector"
    },
    {
      "name": "SlackDetector"
    },
    {
      "name": "SoftlayerDetector"
    },
    {
      "name": "SquareOAuthDetector"
    },
    {
      "name": "StripeDetector"
    },
    {
      "name": "TelegramBotTokenDetector"
    },
    {
      "name": "TwilioKeyDetector"
    }
  ],
  "filters_used": [
    {
      "path": "detect_secrets.filters.allowlist.is_line_allowlisted"
    },
    {
      "path": "detect_secrets.filters.common.is_ignored_due_to_verification_policies",
      "min_level": 2
    },
    {
      "path": "detect_secrets.filters.heuristic.is_indirect_reference"
    },
    {
      "path": "detect_secrets.filters.heuristic.is_likely_id_string"
    },
    {
      "path": "detect_secrets.filters.heuristic.is_lock_file"
    },
    {
      "path": "detect_secrets.filters.heuristic.is_not_alphanumeric_string"
    },
    {
      "path": "detect_secrets.filters.heuristic.is_potential_uuid"
    },
    {
      "path": "detect_secrets.filters.heuristic.is_prefixed_with_dollar_sign"
    },
    {
      "path": "detect_secrets.filters.heuristic.is_sequential_string"
    },
    {
      "path": "detect_secrets.filters.heuristic.is_swagger_file"
    },
    {
      "path": "detect_secrets.filters.heuristic.is_templated_secret"
    }
  ],
  "results": {
    ".forge/state.json": [
      {
        "type": "Hex High Entropy String",
        "filename": ".forge/state.json",
        "hashed_secret": "700c6ec25791848ae325f7dfc40dd83404014e2c",
        "is_verified": false,
        "line_number": 115
      }
    ],
    "tests/integration_tests.ipynb": [
      {
        "type": "AWS Access Key",
        "filename": "tests/integration_tests.ipynb",
        "hashed_secret": "9f55484655914e00d31afa0b3ec0f2d1cc5db642",
        "is_verified": false,
        "line_number": 159
      },
      {
        "type": "AWS Access Key",
        "filename": "tests/integration_tests.ipynb",
        "hashed_secret": "c13ecc6d26de55109d716847488702ff0c686642",
        "is_verified": false,
        "line_number": 159
      },
      {
        "type": "AWS Access Key",
        "filename": "tests/integration_tests.ipynb",
        "hashed_secret": "7eb5ce40abdfb55e9f845ae76670a030a3b9ab1b",
        "is_verified": false,
        "line_number": 1324
      },
      {
        "type": "AWS Access Key",
        "filename": "tests/integration_tests.ipynb",
        "hashed_secret": "88f171ac58f442016f488aa680fcad4d18aee365",
        "is_verified": false,
        "line_number": 1324
      }
    ],
    "tests/unittests.py": [
      {
        "type": "AWS Access Key",
        "filename": "tests/unittests.py",
        "hashed_secret": "60f03017f9e074ae5c0a9fbc712420727276fc7f",
        "is_verified": false,
        "line_number": 27
      },
      {
        "type": "AWS Access Key",
        "filename": "tests/unittests.py",
        "hashed_secret": "1a9d1f75116d0eec9649adb9da9d487e258f6846",
        "is_verified": false,
        "line_number": 29
      },
      {
        "type": "AWS Access Key",
        "filename": "tests/unittests.py",
        "hashed_secret": "3baefd6d9d429b2f57530aa8decf17c0a5921f50",
        "is_verified": false,
        "line_number": 39
      },
      {
        "type": "AWS Access Key",
        "filename": "tests/unittests.py",
        "hashed_secret": "9a8c685d467da81c2b4deb869f19654bfa6a4336",
        "is_verified": false,
        "line_number": 39
      }
    ]
  },
  "generated_at": "2026-04-26T23:54:02Z"
}
